/usr/local/mcuxpressoide-11.9.0_2144/ide/plugins/com.nxp.mcuxpresso.tools.linux_11.9.0.202307121226/tools/arm-none-eabi/include/c++/12.3.1/new:174:33:void* operator new(std::size_t, void*)	8	static
/usr/local/mcuxpressoide-11.9.0_2144/ide/plugins/com.nxp.mcuxpresso.tools.linux_11.9.0.202307121226/tools/arm-none-eabi/include/c++/12.3.1/arm-none-eabi/thumb/v7e-m+fp/softfp/bits/gthr-default.h:229:1:int __gthread_key_delete(__gthread_key_t)	8	static
/home/fei/mlc0054/Desktop/Programovani/APPS/01LED/apps-workspace.mcu/demo/mbed-os/drivers/include/drivers/DigitalOut.h:62:5:mbed::DigitalOut::DigitalOut(PinName)	16	static
/home/fei/mlc0054/Desktop/Programovani/APPS/01LED/apps-workspace.mcu/demo/mbed-os/drivers/include/drivers/DigitalOut.h:84:10:void mbed::DigitalOut::write(int)	16	static
/home/fei/mlc0054/Desktop/Programovani/APPS/01LED/apps-workspace.mcu/demo/mbed-os/drivers/include/drivers/DigitalOut.h:122:17:mbed::DigitalOut& mbed::DigitalOut::operator=(int)	16	static
../main.cpp:13:5:LED::LED(PinName)	16	static
../main.cpp:20:10:void LED::nastav_jas_proc(uint8_t)	8	static
../main.cpp:26:10:void LED::set_on_off(uint32_t)	16	static
../main.cpp:37:5:PWMControl::PWMControl(LED*, uint32_t)	80	static
../main.cpp:43:10:void PWMControl::pwm_control()	24	static
../main.cpp:61:10:void PWMControl::pridej_sam_sebe()	16	static
../main.cpp:71:5:int main()	88	static
/usr/local/mcuxpressoide-11.9.0_2144/ide/plugins/com.nxp.mcuxpresso.tools.linux_11.9.0.202307121226/tools/arm-none-eabi/include/c++/12.3.1/bits/chrono.h:578:2:constexpr std::chrono::duration<_Rep, _Period>::rep std::chrono::duration<_Rep, _Period>::count() const [with _Rep = long long int; _Period = std::ratio<1, 1000000>]	8	static
/home/fei/mlc0054/Desktop/Programovani/APPS/01LED/apps-workspace.mcu/demo/mbed-os/platform/include/platform/Callback.h:712:23:)) [with T = PWMControl; U = PWMControl; R = void; ArgTs = {}]	24	static
/usr/local/mcuxpressoide-11.9.0_2144/ide/plugins/com.nxp.mcuxpresso.tools.linux_11.9.0.202307121226/tools/arm-none-eabi/include/c++/12.3.1/bits/chrono.h:1396:7:_Digits = {'1'}]	16	static
/usr/local/mcuxpressoide-11.9.0_2144/ide/plugins/com.nxp.mcuxpresso.tools.linux_11.9.0.202307121226/tools/arm-none-eabi/include/c++/12.3.1/bits/chrono.h:570:14:constexpr std::chrono::duration<_Rep, _Period>::duration(const std::chrono::duration<_Rep, _Period>&) [with _Rep2 = long long int; _Period2 = std::ratio<1, 1000>; <template-parameter-2-3> = void; _Rep = long long int; _Period = std::ratio<1, 1000000>]	24	static
/usr/local/mcuxpressoide-11.9.0_2144/ide/plugins/com.nxp.mcuxpresso.tools.linux_11.9.0.202307121226/tools/arm-none-eabi/include/c++/12.3.1/bits/chrono.h:578:2:constexpr std::chrono::duration<_Rep, _Period>::rep std::chrono::duration<_Rep, _Period>::count() const [with _Rep = long long int; _Period = std::ratio<1, 1000>]	8	static
/home/fei/mlc0054/Desktop/Programovani/APPS/01LED/apps-workspace.mcu/demo/mbed-os/platform/include/platform/Callback.h:353:18:mbed::Callback<void()>::Callback<PWMControl*, void (PWMControl::*)()>(PWMControl*, void (PWMControl::*)())::<lambda()>	16	static
/home/fei/mlc0054/Desktop/Programovani/APPS/01LED/apps-workspace.mcu/demo/mbed-os/platform/include/platform/Callback.h:351:5:>::value, int>::type <anonymous> = 0; R = void; ArgTs = {}]	40	static
/usr/local/mcuxpressoide-11.9.0_2144/ide/plugins/com.nxp.mcuxpresso.tools.linux_11.9.0.202307121226/tools/arm-none-eabi/include/c++/12.3.1/bits/chrono.h:1345:22:_Digits = {'1'}]	24	static
/usr/local/mcuxpressoide-11.9.0_2144/ide/plugins/com.nxp.mcuxpresso.tools.linux_11.9.0.202307121226/tools/arm-none-eabi/include/c++/12.3.1/bits/chrono.h:262:7:constexpr std::chrono::__enable_if_is_duration<_ToDur> std::chrono::duration_cast(const duration<_Rep, _Period>&) [with _ToDur = duration<long long int, std::ratio<1, 1000000> >; _Rep = long long int; _Period = std::ratio<1, 1000>]	16	static
/usr/local/mcuxpressoide-11.9.0_2144/ide/plugins/com.nxp.mcuxpresso.tools.linux_11.9.0.202307121226/tools/arm-none-eabi/include/c++/12.3.1/bits/chrono.h:562:23:constexpr std::chrono::duration<_Rep, _Period>::duration(const _Rep2&) [with _Rep2 = long long int; <template-parameter-2-2> = void; _Rep = long long int; _Period = std::ratio<1, 1000>]	8	static
/usr/local/mcuxpressoide-11.9.0_2144/ide/plugins/com.nxp.mcuxpresso.tools.linux_11.9.0.202307121226/tools/arm-none-eabi/include/c++/12.3.1/bits/chrono.h:562:23:constexpr std::chrono::duration<_Rep, _Period>::duration(const _Rep2&) [with _Rep2 = long long int; <template-parameter-2-2> = void; _Rep = long long int; _Period = std::ratio<1, 1000000>]	8	static
/home/fei/mlc0054/Desktop/Programovani/APPS/01LED/apps-workspace.mcu/demo/mbed-os/platform/include/platform/Callback.h:120:3:) [with R = void; F = void (PWMControl::* const&)(); Args = {PWMControl* const&}; typename std::enable_if<std::is_void< <template-parameter-1-1> >::value, int>::type <anonymous> = 0]	16	static
/home/fei/mlc0054/Desktop/Programovani/APPS/01LED/apps-workspace.mcu/demo/mbed-os/platform/include/platform/Callback.h:612:10:)>::generate(F&&) [with F = mbed::Callback<void()>::Callback<PWMControl*, void (PWMControl::*)()>(PWMControl*, void (PWMControl::*)())::<lambda()>; <template-parameter-2-2> = void; R = void; ArgTs = {}]	16	static
/usr/local/mcuxpressoide-11.9.0_2144/ide/plugins/com.nxp.mcuxpresso.tools.linux_11.9.0.202307121226/tools/arm-none-eabi/include/c++/12.3.1/bits/chrono.h:221:4:static constexpr _ToDur std::chrono::__duration_cast_impl<_ToDur, _CF, _CR, false, true>::__cast(const std::chrono::duration<_Rep, _Period>&) [with _Rep = long long int; _Period = std::ratio<1, 1000>; _ToDur = std::chrono::duration<long long int, std::ratio<1, 1000000> >; _CF = std::ratio<1000, 1>; _CR = long long int]	48	static
/usr/local/mcuxpressoide-11.9.0_2144/ide/plugins/com.nxp.mcuxpresso.tools.linux_11.9.0.202307121226/tools/arm-none-eabi/include/c++/12.3.1/bits/move.h:77:5:constexpr _Tp&& std::forward(typename remove_reference<_Tp>::type&) [with _Tp = void (PWMControl::* const&)()]	8	static
/usr/local/mcuxpressoide-11.9.0_2144/ide/plugins/com.nxp.mcuxpresso.tools.linux_11.9.0.202307121226/tools/arm-none-eabi/include/c++/12.3.1/bits/move.h:77:5:constexpr _Tp&& std::forward(typename remove_reference<_Tp>::type&) [with _Tp = PWMControl* const&]	8	static
/home/fei/mlc0054/Desktop/Programovani/APPS/01LED/apps-workspace.mcu/demo/mbed-os/platform/cxxsupport/mstd_functional:42:29:) [with F = void (PWMControl::* const&)(); Args = {PWMControl* const&}]	16	static
/home/fei/mlc0054/Desktop/Programovani/APPS/01LED/apps-workspace.mcu/demo/mbed-os/platform/include/platform/Callback.h:655:14:) [with F = mbed::Callback<void()>::Callback<PWMControl*, void (PWMControl::*)()>(PWMControl*, void (PWMControl::*)())::<lambda()>; R = void; ArgTs = {}]	24	static
/usr/local/mcuxpressoide-11.9.0_2144/ide/plugins/com.nxp.mcuxpresso.tools.linux_11.9.0.202307121226/tools/arm-none-eabi/include/c++/12.3.1/bits/move.h:104:5:constexpr typename std::remove_reference<_Tp>::type&& std::move(_Tp&&) [with _Tp = mbed::Callback<void()>::Callback<PWMControl*, void (PWMControl::*)()>(PWMControl*, void (PWMControl::*)())::<lambda()>&]	8	static
/home/fei/mlc0054/Desktop/Programovani/APPS/01LED/apps-workspace.mcu/demo/mbed-os/platform/cxxsupport/mstd_type_traits:343:6:) [with Base = PWMControl; F = void(); T1 = PWMControl* const&; Args = {}]	24	static
/home/fei/mlc0054/Desktop/Programovani/APPS/01LED/apps-workspace.mcu/demo/mbed-os/platform/include/platform/Callback.h:120:3:) [with R = void; F = mbed::Callback<void()>::Callback<PWMControl*, void (PWMControl::*)()>(PWMControl*, void (PWMControl::*)())::<lambda()>&; Args = {}; typename std::enable_if<std::is_void< <template-parameter-1-1> >::value, int>::type <anonymous> = 0]	16	static
/usr/local/mcuxpressoide-11.9.0_2144/ide/plugins/com.nxp.mcuxpresso.tools.linux_11.9.0.202307121226/tools/arm-none-eabi/include/c++/12.3.1/bits/move.h:77:5:constexpr _Tp&& std::forward(typename remove_reference<_Tp>::type&) [with _Tp = mbed::Callback<void()>::Callback<PWMControl*, void (PWMControl::*)()>(PWMControl*, void (PWMControl::*)())::<lambda()>&]	8	static
/home/fei/mlc0054/Desktop/Programovani/APPS/01LED/apps-workspace.mcu/demo/mbed-os/platform/cxxsupport/mstd_functional:42:29:) [with F = mbed::Callback<void()>::Callback<PWMControl*, void (PWMControl::*)()>(PWMControl*, void (PWMControl::*)())::<lambda()>&; Args = {}]	16	static
/home/fei/mlc0054/Desktop/Programovani/APPS/01LED/apps-workspace.mcu/demo/mbed-os/platform/cxxsupport/mstd_type_traits:385:6:) [with F = mbed::Callback<void()>::Callback<PWMControl*, void (PWMControl::*)()>(PWMControl*, void (PWMControl::*)())::<lambda()>&; Args = {}]	16	static
../main.cpp:80:2:void __static_initialization_and_destruction_0(int, int)	16	static
../main.cpp:80:2:cpp)	8	static
